// Jest Snapshot v1, https://goo.gl/fbAQLP

exports[`<Column /> should render correctly 1`] = `
<div
  className="col-md-6 offset-md-3"
/>
`;
