// Jest Snapshot v1, https://goo.gl/fbAQLP

exports[`<Row /> should render correctly 1`] = `
<div
  className="row"
/>
`;
